2025-05-15 20:36:18,081 INFO     [FlashTop]    init
2025-05-15 20:36:18,087 [Process-9164] INFO     [FlashTop]    do_main: cmd loadpara
2025-05-15 20:36:18,087 [Process-9164] INFO     [Para]    exe path: C:\Users\labin\Documents\curso Hana\HTNB32L-HANA-SDK\Firmware\HTNB32L-XXX-SDK\Debug
2025-05-15 20:36:18,089 [Process-9164] INFO     [Para]    update digest file :C:\Users\labin\Documents\curso Hana\HTNB32L-HANA-SDK\Firmware\HTNB32L-XXX-SDK\Debug\cfg.digest, digest:b'\x95\xaf\x7e\x3d\x46\xdd\x3a\xbe\xea\x1d\xe3\x59\x01\x93\x46\x51\x55\xdc\x16\x1b\x8a\x7b\xad\xc9\xcc\xe4\xde\x6d\x66\xeb\x63\x8b' 
2025-05-15 20:36:18,089 [Process-9164] INFO     [Para]    LoadPara from cfgfile(C:\Users\labin\Documents\curso Hana\HTNB32L-HANA-SDK\Firmware\HTNB32L-XXX-SDK\Debug\htnb32l.ini) 
2025-05-15 20:36:18,091 [Process-9164] WARNING  [Para]    Load para curdigest b'\x95\xaf\x7e\x3d\x46\xdd\x3a\xbe\xea\x1d\xe3\x59\x01\x93\x46\x51\x55\xdc\x16\x1b\x8a\x7b\xad\xc9\xcc\xe4\xde\x6d\x66\xeb\x63\x8b'
2025-05-15 20:36:18,091 [Process-9164] INFO     [FlashTop]    Load para sync success
2025-05-15 20:36:18,091 [Process-9164] INFO     [FlashToolCLI]    Burnbatch Start, burn imglist ['bootloader', 'system'].
2025-05-15 20:36:18,091 [Process-9164] INFO     [FlashTop]    do_main: cmd burnag, Thread0[5008]
2025-05-15 20:36:18,092 [Process-9164] INFO     [Thread0]    ProcessStart[5008]
2025-05-15 20:36:19,221 [Process-9164] INFO     [Thread0]    ResetBoard(Normal Mod) finish
2025-05-15 20:36:19,227 [Process-9164] INFO     [Thread0]    args.ser.port :COM3
2025-05-15 20:36:19,326 [Process-9164] INFO     [Image]    SetBaud 921600
2025-05-15 20:36:19,326 [Process-9164] INFO     [Thread0]    TryDownload C:\Users\labin\Documents\curso Hana\HTNB32L-HANA-SDK\Firmware\HTNB32L-XXX-SDK\Debug\agentboot.bin start
2025-05-15 20:36:19,327 [Process-9164] INFO     [Thread0]    image size=28568, hdsize=272
2025-05-15 20:36:19,327 [Process-9164] INFO     [Thread0]    Preamble Send
2025-05-15 20:36:19,387 [Process-9164] INFO     [Thread0]    Preamble Received Rsp
2025-05-15 20:36:19,466 [Process-9164] INFO     [Thread0]    Preamble Send
2025-05-15 20:36:19,581 [Process-9164] INFO     [Thread0]    Preamble Received Rsp
2025-05-15 20:36:22,391 [Process-9164] INFO     [Thread0]    TryDownload agentboot success
2025-05-15 20:36:22,397 [Process-9164] INFO     [Thread0]    agbaud: 921600
2025-05-15 20:36:22,500 [Process-9164] INFO     [Thread0]    Burn OK!
2025-05-15 20:36:22,501 [Process-9164] INFO     [Thread0]    ProcessEnd[5008]
2025-05-15 20:36:22,501 [Process-9164] INFO     [FlashTop]    do_main: cmd burnone, Thread0[5008]
2025-05-15 20:36:22,501 [Process-9164] INFO     [Thread0]    ProcessStart[5008]
2025-05-15 20:36:22,502 [Process-9164] INFO     [Thread0]    args.ser.port :COM3
2025-05-15 20:36:22,601 [Process-9164] INFO     [Thread0]    agentboot is downloaded already
2025-05-15 20:36:22,602 [Process-9164] INFO     [Thread0]    TryDownload agentboot skip
2025-05-15 20:36:22,609 [Process-9164] INFO     [Thread0]    agbaud: 921600
2025-05-15 20:36:22,707 [Process-9164] INFO     [Thread0]    LPC Preamble Send
2025-05-15 20:36:22,766 [Process-9164] INFO     [Thread0]    LPC Preamble Received Rsp
2025-05-15 20:36:22,794 [Process-9164] INFO     [Thread0]    LPCSetSyncStat(1)
2025-05-15 20:36:22,794 [Process-9164] INFO     [Thread0]    LPCSyncDetect: success
2025-05-15 20:36:22,794 [Process-9164] INFO     [Thread0]    DownloadBurnOne imgtype(bootloader)
2025-05-15 20:36:22,795 [Process-9164] INFO     [Thread0]    DownloadBurnOne imgtype(bootloader), burnaddr(0x0), imgid(0x4f424d49)
2025-05-15 20:36:22,795 [Process-9164] INFO     [Thread0]    DownloadBurnOne file C:\Users\labin\Documents\curso Hana\HTNB32L-HANA-SDK\Firmware\HTNB32L-XXX-SDK\Debug\bootloader.bin 
2025-05-15 20:36:22,796 [Process-9164] INFO     [Thread0]    TryDownload C:\Users\labin\Documents\curso Hana\HTNB32L-HANA-SDK\Firmware\HTNB32L-XXX-SDK\Debug\bootloader.bin start
2025-05-15 20:36:22,796 [Process-9164] INFO     [Thread0]    LPCBurnOneTrig start       			******
2025-05-15 20:36:22,803 [Process-9164] INFO     [Thread0]    LPCBurnOneTrig success
2025-05-15 20:36:22,803 [Process-9164] INFO     [Thread0]    DLDPreSync Preamble Send
2025-05-15 20:36:23,366 [Process-9164] INFO     [Thread0]    DLDPreSync Preamble Received Rsp
2025-05-15 20:36:23,398 [Process-9164] INFO     [Thread0]    image size=29248, hdsize=272
2025-05-15 20:36:23,398 [Process-9164] INFO     [Thread0]    
2025-05-15 20:36:23,398 [Process-9164] INFO     [Thread0]    imginfo.size=29248, RemainLen=29248, Offset=0
2025-05-15 20:36:23,399 [Process-9164] INFO     [Thread0]    {bootloader.bin-percent files transferred   0%}
2025-05-15 20:36:23,399 [Process-9164] INFO     [Thread0]    
2025-05-15 20:36:23,399 [Process-9164] INFO     [Thread0]    Preamble Send
2025-05-15 20:36:23,457 [Process-9164] INFO     [Thread0]    Preamble Received Rsp
2025-05-15 20:36:23,506 [Process-9164] INFO     [Thread0]    imginfo.size=29248, RemainLen=28976, Offset=272
2025-05-15 20:36:23,506 [Process-9164] INFO     [Thread0]    {bootloader.bin-percent files transferred   0%}
2025-05-15 20:36:23,506 [Process-9164] INFO     [Thread0]    
2025-05-15 20:36:23,506 [Process-9164] INFO     [Thread0]    Preamble Send
2025-05-15 20:36:24,043 [Process-9164] INFO     [Thread0]    Preamble Received Rsp
2025-05-15 20:36:24,556 [Process-9164] INFO     [Thread0]    imginfo.size=29248, RemainLen=0, Offset=272
2025-05-15 20:36:24,557 [Process-9164] INFO     [Thread0]    {bootloader.bin-percent files transferred   100%}
2025-05-15 20:36:24,557 [Process-9164] INFO     [Thread0]    
2025-05-15 20:36:24,561 [Process-9164] INFO     [Thread0]    TryDownload success
2025-05-15 20:36:24,565 [Process-9164] INFO     [Thread0]    Burn OK!
2025-05-15 20:36:24,565 [Process-9164] INFO     [Thread0]    ProcessEnd[5008]
2025-05-15 20:36:24,566 [Process-9164] INFO     [FlashTop]    do_main: cmd burnone, Thread0[5008]
2025-05-15 20:36:24,566 [Process-9164] INFO     [Thread0]    ProcessStart[5008]
2025-05-15 20:36:24,566 [Process-9164] INFO     [Thread0]    args.ser.port :COM3
2025-05-15 20:36:24,665 [Process-9164] INFO     [Thread0]    agentboot is downloaded already
2025-05-15 20:36:24,666 [Process-9164] INFO     [Thread0]    TryDownload agentboot skip
2025-05-15 20:36:24,673 [Process-9164] INFO     [Thread0]    agbaud: 921600
2025-05-15 20:36:24,772 [Process-9164] INFO     [Thread0]    LPC Preamble Send
2025-05-15 20:36:24,834 [Process-9164] INFO     [Thread0]    LPC Preamble Received Rsp
2025-05-15 20:36:24,863 [Process-9164] INFO     [Thread0]    LPCSyncDetect: success
2025-05-15 20:36:24,863 [Process-9164] INFO     [Thread0]    DownloadBurnOne imgtype(system)
2025-05-15 20:36:24,863 [Process-9164] INFO     [Thread0]    DownloadBurnOne imgtype(system), burnaddr(0x0), imgid(0x444b4249)
2025-05-15 20:36:24,863 [Process-9164] INFO     [Thread0]    DownloadBurnOne file C:\Users\labin\Documents\curso Hana\HTNB32L-HANA-SDK\Firmware\HTNB32L-XXX-SDK\Debug\../Build/MQTT_Example/HTNB32L-XXX-MQTT_Example.bin 
2025-05-15 20:36:24,869 [Process-9164] INFO     [Thread0]    TryDownload C:\Users\labin\Documents\curso Hana\HTNB32L-HANA-SDK\Firmware\HTNB32L-XXX-SDK\Debug\../Build/MQTT_Example/HTNB32L-XXX-MQTT_Example.bin start
2025-05-15 20:36:24,870 [Process-9164] INFO     [Thread0]    LPCBurnOneTrig start       			******
2025-05-15 20:36:24,876 [Process-9164] INFO     [Thread0]    LPCBurnOneTrig success
2025-05-15 20:36:24,876 [Process-9164] INFO     [Thread0]    DLDPreSync Preamble Send
2025-05-15 20:36:25,447 [Process-9164] INFO     [Thread0]    DLDPreSync Preamble Received Rsp
2025-05-15 20:36:25,479 [Process-9164] INFO     [Thread0]    image size=532740, hdsize=272
2025-05-15 20:36:25,479 [Process-9164] INFO     [Thread0]    
2025-05-15 20:36:25,479 [Process-9164] INFO     [Thread0]    imginfo.size=532740, RemainLen=532740, Offset=0
2025-05-15 20:36:25,480 [Process-9164] INFO     [Thread0]    {HTNB32L-XXX-MQTT_Example.bin-percent files transferred   0%}
2025-05-15 20:36:25,480 [Process-9164] INFO     [Thread0]    
2025-05-15 20:36:25,480 [Process-9164] INFO     [Thread0]    Preamble Send
2025-05-15 20:36:25,538 [Process-9164] INFO     [Thread0]    Preamble Received Rsp
2025-05-15 20:36:25,586 [Process-9164] INFO     [Thread0]    imginfo.size=532740, RemainLen=532468, Offset=272
2025-05-15 20:36:25,587 [Process-9164] INFO     [Thread0]    {HTNB32L-XXX-MQTT_Example.bin-percent files transferred   0%}
2025-05-15 20:36:25,587 [Process-9164] INFO     [Thread0]    
2025-05-15 20:36:25,587 [Process-9164] INFO     [Thread0]    Preamble Send
2025-05-15 20:36:25,701 [Process-9164] INFO     [Thread0]    Preamble Received Rsp
2025-05-15 20:36:26,621 [Process-9164] INFO     [Thread0]    imginfo.size=532740, RemainLen=466932, Offset=65808
2025-05-15 20:36:26,621 [Process-9164] INFO     [Thread0]    {HTNB32L-XXX-MQTT_Example.bin-percent files transferred   12%}
2025-05-15 20:36:26,621 [Process-9164] INFO     [Thread0]    
2025-05-15 20:36:26,622 [Process-9164] INFO     [Thread0]    Preamble Send
2025-05-15 20:36:26,678 [Process-9164] INFO     [Thread0]    Preamble Received Rsp
2025-05-15 20:36:27,604 [Process-9164] INFO     [Thread0]    imginfo.size=532740, RemainLen=401396, Offset=131344
2025-05-15 20:36:27,604 [Process-9164] INFO     [Thread0]    {HTNB32L-XXX-MQTT_Example.bin-percent files transferred   24%}
2025-05-15 20:36:27,604 [Process-9164] INFO     [Thread0]    
2025-05-15 20:36:27,605 [Process-9164] INFO     [Thread0]    Preamble Send
2025-05-15 20:36:27,662 [Process-9164] INFO     [Thread0]    Preamble Received Rsp
2025-05-15 20:36:28,587 [Process-9164] INFO     [Thread0]    imginfo.size=532740, RemainLen=335860, Offset=196880
2025-05-15 20:36:28,587 [Process-9164] INFO     [Thread0]    {HTNB32L-XXX-MQTT_Example.bin-percent files transferred   36%}
2025-05-15 20:36:28,587 [Process-9164] INFO     [Thread0]    
2025-05-15 20:36:28,588 [Process-9164] INFO     [Thread0]    Preamble Send
2025-05-15 20:36:28,644 [Process-9164] INFO     [Thread0]    Preamble Received Rsp
2025-05-15 20:36:29,572 [Process-9164] INFO     [Thread0]    imginfo.size=532740, RemainLen=270324, Offset=262416
2025-05-15 20:36:29,573 [Process-9164] INFO     [Thread0]    {HTNB32L-XXX-MQTT_Example.bin-percent files transferred   49%}
2025-05-15 20:36:29,573 [Process-9164] INFO     [Thread0]    
2025-05-15 20:36:29,573 [Process-9164] INFO     [Thread0]    Preamble Send
2025-05-15 20:36:29,629 [Process-9164] INFO     [Thread0]    Preamble Received Rsp
2025-05-15 20:36:30,564 [Process-9164] INFO     [Thread0]    imginfo.size=532740, RemainLen=204788, Offset=327952
2025-05-15 20:36:30,564 [Process-9164] INFO     [Thread0]    {HTNB32L-XXX-MQTT_Example.bin-percent files transferred   61%}
2025-05-15 20:36:30,565 [Process-9164] INFO     [Thread0]    
2025-05-15 20:36:30,565 [Process-9164] INFO     [Thread0]    Preamble Send
2025-05-15 20:36:30,621 [Process-9164] INFO     [Thread0]    Preamble Received Rsp
2025-05-15 20:36:31,544 [Process-9164] INFO     [Thread0]    imginfo.size=532740, RemainLen=139252, Offset=393488
2025-05-15 20:36:31,544 [Process-9164] INFO     [Thread0]    {HTNB32L-XXX-MQTT_Example.bin-percent files transferred   73%}
2025-05-15 20:36:31,544 [Process-9164] INFO     [Thread0]    
2025-05-15 20:36:31,544 [Process-9164] INFO     [Thread0]    Preamble Send
2025-05-15 20:36:31,601 [Process-9164] INFO     [Thread0]    Preamble Received Rsp
2025-05-15 20:36:32,526 [Process-9164] INFO     [Thread0]    imginfo.size=532740, RemainLen=73716, Offset=459024
2025-05-15 20:36:32,526 [Process-9164] INFO     [Thread0]    {HTNB32L-XXX-MQTT_Example.bin-percent files transferred   86%}
2025-05-15 20:36:32,526 [Process-9164] INFO     [Thread0]    
2025-05-15 20:36:32,527 [Process-9164] INFO     [Thread0]    Preamble Send
2025-05-15 20:36:32,584 [Process-9164] INFO     [Thread0]    Preamble Received Rsp
2025-05-15 20:36:33,509 [Process-9164] INFO     [Thread0]    imginfo.size=532740, RemainLen=8180, Offset=524560
2025-05-15 20:36:33,509 [Process-9164] INFO     [Thread0]    {HTNB32L-XXX-MQTT_Example.bin-percent files transferred   98%}
2025-05-15 20:36:33,509 [Process-9164] INFO     [Thread0]    
2025-05-15 20:36:33,510 [Process-9164] INFO     [Thread0]    Preamble Send
2025-05-15 20:36:33,620 [Process-9164] INFO     [Thread0]    Preamble Received Rsp
2025-05-15 20:36:33,914 [Process-9164] INFO     [Thread0]    imginfo.size=532740, RemainLen=0, Offset=524560
2025-05-15 20:36:33,914 [Process-9164] INFO     [Thread0]    {HTNB32L-XXX-MQTT_Example.bin-percent files transferred   100%}
2025-05-15 20:36:33,914 [Process-9164] INFO     [Thread0]    
2025-05-15 20:36:33,925 [Process-9164] INFO     [Thread0]    TryDownload success
2025-05-15 20:36:33,929 [Process-9164] INFO     [Thread0]    Burn OK!
2025-05-15 20:36:33,930 [Process-9164] INFO     [Thread0]    ProcessEnd[5008]
2025-05-15 20:36:33,930 [Process-9164] INFO     [FlashToolCLI]    Burnbatch OK, imglist ['bootloader', 'system']
